(λ x. x): ??T0 -> ??T0
(λ z. (z <- 1)): Nat -> ??T2 -> ??T2
plus : Nat -> Nat -> Nat
not : Bool -> Bool
3: Nat
adder : Ref Nat -> Nat
51: Nat
abcdef: String
1: Nat
getNoise : <dog:{noise:??T42}, cat:{noise:??T42}, whale:{noise:??T42}> -> ??T42
meow: String
(λ animal. case animal of | <dog=d> ==> d.noise| <cat=c> ==> c.noise| <whale=w> ==> w.noise): <dog:{noise:String}, cat:{noise:String}, whale:{noise:String}> -> String
cell_fib : Ref ??T49 -> Nat
unit: Unit
fib : Nat -> Nat
addOrTimes : Float -> Float -> Bool -> Float
30.: Float
